==== START id1 2026-03-26 18:59:52 UTC ====
==== Build targets for id1 ====
Wrote targets to /root/shadow-trading-framework/data/targets/targets.json
==== Run STF for id1 ====
     Simulation complete: id1 (mark-only)     
┏━━━━━━━━━━━━┳━━━━━━━━━━━━━━━┳━━━━━━━┳━━━━━━━┓
┃ Allocation ┃        Equity ┃ Gross ┃   Net ┃
┡━━━━━━━━━━━━╇━━━━━━━━━━━━━━━╇━━━━━━━╇━━━━━━━┩
│ 10,000     │     10,000.00 │ 0.000 │ 0.000 │
│ 25,000     │     25,000.00 │ 0.000 │ 0.000 │
│ 50,000     │     50,000.00 │ 0.000 │ 0.000 │
│ 100,000    │    100,000.00 │ 0.000 │ 0.000 │
│ 250,000    │    250,000.00 │ 0.000 │ 0.000 │
│ 500,000    │    500,000.00 │ 0.000 │ 0.000 │
│ 1,000,000  │  1,000,000.00 │ 0.000 │ 0.000 │
│ 2,500,000  │  2,500,000.00 │ 0.000 │ 0.000 │
│ 5,000,000  │  5,000,000.00 │ 0.000 │ 0.000 │
│ 10,000,000 │ 10,000,000.00 │ 0.000 │ 0.000 │
│ ...        │           ... │   ... │   ... │
└────────────┴───────────────┴───────┴───────┘
==== END id1 2026-03-26 19:00:08 UTC ====
==== Log written to /root/deployments/logs/id1_2026-03-26_18-59-52.log ====
