==== START id1 2026-03-26 19:00:48 UTC ====
==== Build targets for id1 ====
Wrote targets to /root/shadow-trading-framework/data/targets/targets.json
==== Run STF for id1 ====
     Simulation complete: id1 (rebalance)     
┏━━━━━━━━━━━━┳━━━━━━━━━━━━━━┳━━━━━━━┳━━━━━━━━┓
┃ Allocation ┃       Equity ┃ Gross ┃    Net ┃
┡━━━━━━━━━━━━╇━━━━━━━━━━━━━━╇━━━━━━━╇━━━━━━━━┩
│ 10,000     │     9,991.17 │ 1.001 │ -1.001 │
│ 25,000     │    24,970.00 │ 1.001 │ -1.001 │
│ 50,000     │    49,920.68 │ 1.002 │ -1.002 │
│ 100,000    │    99,782.79 │ 1.002 │ -1.002 │
│ 250,000    │   249,685.64 │ 0.514 │ -0.514 │
│ 500,000    │   499,685.64 │ 0.257 │ -0.257 │
│ 1,000,000  │   999,685.64 │ 0.128 │ -0.128 │
│ 2,500,000  │ 2,499,685.64 │ 0.051 │ -0.051 │
│ 5,000,000  │ 4,999,685.64 │ 0.026 │ -0.026 │
│ 10,000,000 │ 9,999,685.64 │ 0.013 │ -0.013 │
│ ...        │          ... │   ... │    ... │
└────────────┴──────────────┴───────┴────────┘
==== END id1 2026-03-26 19:01:02 UTC ====
==== Log written to /root/deployments/logs/id1_2026-03-26_19-00-48.log ====
