==== START id1 2026-03-26 18:54:02 UTC ====
==== Build targets for id1 ====
Wrote targets to /root/shadow-trading-framework/data/targets/targets.json
==== Run STF for id1 ====
     Simulation complete: id1 (mark-only)     
┏━━━━━━━━━━━━┳━━━━━━━━━━━━━━┳━━━━━━━┳━━━━━━━━┓
┃ Allocation ┃       Equity ┃ Gross ┃    Net ┃
┡━━━━━━━━━━━━╇━━━━━━━━━━━━━━╇━━━━━━━╇━━━━━━━━┩
│ 10,000     │     9,986.59 │ 1.002 │ -1.002 │
│ 25,000     │    24,963.24 │ 1.002 │ -1.002 │
│ 50,000     │    49,918.60 │ 1.002 │ -1.002 │
│ 100,000    │    99,813.32 │ 1.003 │ -1.003 │
│ 250,000    │   249,404.72 │ 1.003 │ -1.003 │
│ 500,000    │   498,495.88 │ 1.004 │ -1.004 │
│ 1,000,000  │   998,188.52 │ 0.574 │ -0.574 │
│ 2,500,000  │ 2,498,188.52 │ 0.229 │ -0.229 │
│ 5,000,000  │ 4,998,188.52 │ 0.115 │ -0.115 │
│ 10,000,000 │ 9,998,188.52 │ 0.057 │ -0.057 │
│ ...        │          ... │   ... │    ... │
└────────────┴──────────────┴───────┴────────┘
==== END id1 2026-03-26 18:54:16 UTC ====
==== Log written to /root/deployments/logs/id1_2026-03-26_18-54-02.log ====
