==== START id1 2026-03-30 00:09:39 UTC ====
==== Build targets for id1 ====
Wrote targets to /root/shadow-trading-framework/data/targets/targets.json
==== Run STF for id1 ====
     Simulation complete: id1 (mark-only)      
┏━━━━━━━━━━━━┳━━━━━━━━━━━━━━━┳━━━━━━━┳━━━━━━━━┓
┃ Allocation ┃        Equity ┃ Gross ┃    Net ┃
┡━━━━━━━━━━━━╇━━━━━━━━━━━━━━━╇━━━━━━━╇━━━━━━━━┩
│ 10,000     │     10,068.16 │ 0.986 │ -0.986 │
│ 25,000     │     25,163.15 │ 0.986 │ -0.986 │
│ 50,000     │     50,308.60 │ 0.986 │ -0.986 │
│ 100,000    │    100,563.57 │ 0.987 │ -0.987 │
│ 250,000    │    250,774.53 │ 0.588 │ -0.588 │
│ 500,000    │    500,774.53 │ 0.294 │ -0.294 │
│ 1,000,000  │  1,000,774.53 │ 0.147 │ -0.147 │
│ 2,500,000  │  2,500,774.53 │ 0.059 │ -0.059 │
│ 5,000,000  │  5,000,774.53 │ 0.029 │ -0.029 │
│ 10,000,000 │ 10,000,774.53 │ 0.015 │ -0.015 │
│ ...        │           ... │   ... │    ... │
└────────────┴───────────────┴───────┴────────┘
==== END id1 2026-03-30 00:09:53 UTC ====
==== Log written to /root/deployments/logs/id1_2026-03-30_00-09-39.log ====
