==== START id1 2026-03-26 19:01:08 UTC ====
==== Build targets for id1 ====
Wrote targets to /root/shadow-trading-framework/data/targets/targets.json
==== Run STF for id1 ====
     Simulation complete: id1 (rebalance)     
┏━━━━━━━━━━━━┳━━━━━━━━━━━━━━┳━━━━━━━┳━━━━━━━━┓
┃ Allocation ┃       Equity ┃ Gross ┃    Net ┃
┡━━━━━━━━━━━━╇━━━━━━━━━━━━━━╇━━━━━━━╇━━━━━━━━┩
│ 10,000     │     9,994.10 │ 1.001 │ -1.001 │
│ 25,000     │    24,982.71 │ 1.001 │ -1.001 │
│ 50,000     │    49,959.22 │ 1.001 │ -1.001 │
│ 100,000    │    99,899.61 │ 1.001 │ -1.001 │
│ 250,000    │   249,647.69 │ 1.001 │ -1.001 │
│ 500,000    │   499,048.23 │ 1.002 │ -1.002 │
│ 1,000,000  │   997,914.78 │ 0.853 │ -0.853 │
│ 2,500,000  │ 2,497,914.78 │ 0.341 │ -0.341 │
│ 5,000,000  │ 4,997,914.78 │ 0.170 │ -0.170 │
│ 10,000,000 │ 9,997,914.78 │ 0.085 │ -0.085 │
│ ...        │          ... │   ... │    ... │
└────────────┴──────────────┴───────┴────────┘
==== END id1 2026-03-26 19:01:22 UTC ====
==== Log written to /root/deployments/logs/id1_2026-03-26_19-01-08.log ====
