==== START id1 2026-03-26 18:50:13 UTC ====
==== Build targets for id1 ====
Wrote targets to /root/shadow-trading-framework/data/targets/targets.json
==== Run STF for id1 ====
     Simulation complete: id1 (rebalance)     
┏━━━━━━━━━━━━┳━━━━━━━━━━━━━━┳━━━━━━━┳━━━━━━━━┓
┃ Allocation ┃       Equity ┃ Gross ┃    Net ┃
┡━━━━━━━━━━━━╇━━━━━━━━━━━━━━╇━━━━━━━╇━━━━━━━━┩
│ 10,000     │     9,993.73 │ 1.001 │ -1.001 │
│ 25,000     │    24,981.10 │ 1.001 │ -1.001 │
│ 50,000     │    49,954.31 │ 1.001 │ -1.001 │
│ 100,000    │    99,884.75 │ 1.001 │ -1.001 │
│ 250,000    │   249,583.32 │ 1.002 │ -1.002 │
│ 500,000    │   498,853.07 │ 1.002 │ -1.002 │
│ 1,000,000  │   998,597.49 │ 0.573 │ -0.573 │
│ 2,500,000  │ 2,498,597.49 │ 0.229 │ -0.229 │
│ 5,000,000  │ 4,998,597.49 │ 0.115 │ -0.115 │
│ 10,000,000 │ 9,998,597.49 │ 0.057 │ -0.057 │
│ ...        │          ... │   ... │    ... │
└────────────┴──────────────┴───────┴────────┘
==== END id1 2026-03-26 18:50:27 UTC ====
==== Log written to /root/deployments/logs/id1_2026-03-26_18-50-13.log ====
