==== START id1 2026-03-29 00:09:38 UTC ====
==== Build targets for id1 ====
Wrote targets to /root/shadow-trading-framework/data/targets/targets.json
==== Run STF for id1 ====
     Simulation complete: id1 (rebalance)     
┏━━━━━━━━━━━━┳━━━━━━━━━━━━━━┳━━━━━━━┳━━━━━━━━┓
┃ Allocation ┃       Equity ┃ Gross ┃    Net ┃
┡━━━━━━━━━━━━╇━━━━━━━━━━━━━━╇━━━━━━━╇━━━━━━━━┩
│ 10,000     │     9,991.53 │ 1.001 │ -1.001 │
│ 25,000     │    24,971.58 │ 1.001 │ -1.001 │
│ 50,000     │    49,925.46 │ 1.001 │ -1.001 │
│ 100,000    │    99,797.29 │ 1.002 │ -1.002 │
│ 250,000    │   249,636.01 │ 0.595 │ -0.595 │
│ 500,000    │   499,636.01 │ 0.297 │ -0.297 │
│ 1,000,000  │   999,636.01 │ 0.149 │ -0.149 │
│ 2,500,000  │ 2,499,636.01 │ 0.059 │ -0.059 │
│ 5,000,000  │ 4,999,636.01 │ 0.030 │ -0.030 │
│ 10,000,000 │ 9,999,636.01 │ 0.015 │ -0.015 │
│ ...        │          ... │   ... │    ... │
└────────────┴──────────────┴───────┴────────┘
==== END id1 2026-03-29 00:09:53 UTC ====
==== Log written to /root/deployments/logs/id1_2026-03-29_00-09-38.log ====
