==== START id1 2026-03-26 19:01:37 UTC ====
==== Build targets for id1 ====
Wrote targets to /root/shadow-trading-framework/data/targets/targets.json
==== Run STF for id1 ====
     Simulation complete: id1 (rebalance)     
┏━━━━━━━━━━━━┳━━━━━━━━━━━━━━┳━━━━━━━┳━━━━━━━━┓
┃ Allocation ┃       Equity ┃ Gross ┃    Net ┃
┡━━━━━━━━━━━━╇━━━━━━━━━━━━━━╇━━━━━━━╇━━━━━━━━┩
│ 10,000     │     9,993.94 │ 1.001 │ -1.001 │
│ 25,000     │    24,982.02 │ 1.001 │ -1.001 │
│ 50,000     │    49,957.10 │ 1.001 │ -1.001 │
│ 100,000    │    99,893.21 │ 1.001 │ -1.001 │
│ 250,000    │   249,619.95 │ 1.002 │ -1.002 │
│ 500,000    │   498,964.14 │ 1.002 │ -1.002 │
│ 1,000,000  │   998,262.76 │ 0.710 │ -0.710 │
│ 2,500,000  │ 2,498,262.76 │ 0.284 │ -0.284 │
│ 5,000,000  │ 4,998,262.76 │ 0.142 │ -0.142 │
│ 10,000,000 │ 9,998,262.76 │ 0.071 │ -0.071 │
│ ...        │          ... │   ... │    ... │
└────────────┴──────────────┴───────┴────────┘
==== END id1 2026-03-26 19:01:51 UTC ====
==== Log written to /root/deployments/logs/id1_2026-03-26_19-01-37.log ====
