==== START id2 2026-03-29 10:00:02 UTC ====
==== Build targets for id2 ====
Wrote targets to /root/shadow-trading-framework/data/targets/targets.json
==== Run STF for id2 ====
    Simulation complete: id2 (rebalance)     
┏━━━━━━━━━━━━┳━━━━━━━━━━━━━━┳━━━━━━━┳━━━━━━━┓
┃ Allocation ┃       Equity ┃ Gross ┃   Net ┃
┡━━━━━━━━━━━━╇━━━━━━━━━━━━━━╇━━━━━━━╇━━━━━━━┩
│ 10,000     │     9,983.74 │ 1.002 │ 1.002 │
│ 25,000     │    24,940.49 │ 0.973 │ 0.973 │
│ 50,000     │    49,940.49 │ 0.486 │ 0.486 │
│ 100,000    │    99,940.49 │ 0.243 │ 0.243 │
│ 250,000    │   249,940.49 │ 0.097 │ 0.097 │
│ 500,000    │   499,940.49 │ 0.049 │ 0.049 │
│ 1,000,000  │   999,940.49 │ 0.024 │ 0.024 │
│ 2,500,000  │ 2,499,940.49 │ 0.010 │ 0.010 │
│ 5,000,000  │ 4,999,940.49 │ 0.005 │ 0.005 │
│ 10,000,000 │ 9,999,940.49 │ 0.002 │ 0.002 │
│ ...        │          ... │   ... │   ... │
└────────────┴──────────────┴───────┴───────┘
==== END id2 2026-03-29 10:00:13 UTC ====
==== Log written to /root/deployments/logs/id2_2026-03-29_10-00-02.log ====
