==== START id3 2026-03-29 10:00:13 UTC ====
==== Build targets for id3 ====
Wrote targets to /root/shadow-trading-framework/data/targets/targets.json
==== Run STF for id3 ====
     Simulation complete: id3 (rebalance)     
┏━━━━━━━━━━━━┳━━━━━━━━━━━━━━┳━━━━━━━┳━━━━━━━━┓
┃ Allocation ┃       Equity ┃ Gross ┃    Net ┃
┡━━━━━━━━━━━━╇━━━━━━━━━━━━━━╇━━━━━━━╇━━━━━━━━┩
│ 10,000     │     9,984.05 │ 1.002 │ -1.002 │
│ 25,000     │    24,939.17 │ 1.002 │ -1.002 │
│ 50,000     │    49,937.90 │ 0.508 │ -0.508 │
│ 100,000    │    99,937.90 │ 0.254 │ -0.254 │
│ 250,000    │   249,937.90 │ 0.101 │ -0.101 │
│ 500,000    │   499,937.90 │ 0.051 │ -0.051 │
│ 1,000,000  │   999,937.90 │ 0.025 │ -0.025 │
│ 2,500,000  │ 2,499,937.90 │ 0.010 │ -0.010 │
│ 5,000,000  │ 4,999,937.90 │ 0.005 │ -0.005 │
│ 10,000,000 │ 9,999,937.90 │ 0.003 │ -0.003 │
│ ...        │          ... │   ... │    ... │
└────────────┴──────────────┴───────┴────────┘
==== END id3 2026-03-29 10:00:23 UTC ====
==== Log written to /root/deployments/logs/id3_2026-03-29_10-00-13.log ====
