==== START id4 2026-03-30 05:47:34 UTC ====
==== Build targets for id4 ====
/root/deployments/strategies/id4.py:114: FutureWarning: DataFrame.groupby with axis=1 is deprecated. Do `frame.T.groupby(...)` without axis instead.
  momentum = pd.concat({name: ranked[name] for name in ranked}, axis=1).groupby(level=1, axis=1).median()
Wrote targets to /root/shadow-trading-framework/data/targets/targets.json
==== Run STF for id4 ====
     Simulation complete: id4 (rebalance)     
┏━━━━━━━━━━━━┳━━━━━━━━━━━━━━┳━━━━━━━━┳━━━━━━━┓
┃ Allocation ┃       Equity ┃  Gross ┃   Net ┃
┡━━━━━━━━━━━━╇━━━━━━━━━━━━━━╇━━━━━━━━╇━━━━━━━┩
│ 10,000     │     9,676.43 │ 10.743 │ 1.051 │
│ 25,000     │    24,500.23 │  6.574 │ 0.860 │
│ 50,000     │    49,271.29 │  4.692 │ 0.836 │
│ 100,000    │    98,945.46 │  3.347 │ 0.416 │
│ 250,000    │   248,504.98 │  1.990 │ 0.715 │
│ 500,000    │   497,611.30 │  1.496 │ 0.860 │
│ 1,000,000  │   997,480.11 │  0.777 │ 0.460 │
│ 2,500,000  │ 2,497,480.11 │  0.310 │ 0.184 │
│ 5,000,000  │ 4,997,480.11 │  0.155 │ 0.092 │
│ 10,000,000 │ 9,997,480.11 │  0.078 │ 0.046 │
│ ...        │          ... │    ... │   ... │
└────────────┴──────────────┴────────┴───────┘
==== END id4 2026-03-30 05:48:01 UTC ====
==== Log written to /root/deployments/logs/id4_2026-03-30_05-47-34.log ====
