==== START id5 2026-03-30 05:48:01 UTC ====
==== Build targets for id5 ====
/root/deployments/strategies/id5.py:127: FutureWarning: DataFrame.groupby with axis=1 is deprecated. Do `frame.T.groupby(...)` without axis instead.
  carry = pd.concat({name: ranked[name] for name in ranked}, axis=1).groupby(level=1, axis=1).median()
Wrote targets to /root/shadow-trading-framework/data/targets/targets.json
==== Run STF for id5 ====
    Simulation complete: id5 (rebalance)     
┏━━━━━━━━━━━━┳━━━━━━━━━━━━━━┳━━━━━━━┳━━━━━━━┓
┃ Allocation ┃       Equity ┃ Gross ┃   Net ┃
┡━━━━━━━━━━━━╇━━━━━━━━━━━━━━╇━━━━━━━╇━━━━━━━┩
│ 10,000     │     9,817.37 │ 8.129 │ 1.440 │
│ 25,000     │    24,529.72 │ 6.934 │ 0.588 │
│ 50,000     │    49,148.10 │ 5.588 │ 1.218 │
│ 100,000    │    98,651.44 │ 4.136 │ 1.959 │
│ 250,000    │   247,994.23 │ 2.431 │ 1.565 │
│ 500,000    │   497,332.25 │ 1.561 │ 1.129 │
│ 1,000,000  │   997,332.25 │ 0.778 │ 0.563 │
│ 2,500,000  │ 2,497,332.25 │ 0.311 │ 0.225 │
│ 5,000,000  │ 4,997,332.25 │ 0.155 │ 0.112 │
│ 10,000,000 │ 9,997,332.25 │ 0.078 │ 0.056 │
│ ...        │          ... │   ... │   ... │
└────────────┴──────────────┴───────┴───────┘
==== END id5 2026-03-30 05:48:18 UTC ====
==== Log written to /root/deployments/logs/id5_2026-03-30_05-48-01.log ====
