==== START id6 2026-03-30 05:48:18 UTC ====
==== Build targets for id6 ====
/root/deployments/strategies/id6.py:118: FutureWarning: DataFrame.groupby with axis=1 is deprecated. Do `frame.T.groupby(...)` without axis instead.
  liquidity = pd.concat({'top_of_book_liq': factor.rank(axis=1, method="average", pct=True)}, axis=1).groupby(level=1, axis=1).median()
Wrote targets to /root/shadow-trading-framework/data/targets/targets.json
==== Run STF for id6 ====
     Simulation complete: id6 (rebalance)     
┏━━━━━━━━━━━━┳━━━━━━━━━━━━━━┳━━━━━━━━┳━━━━━━━┓
┃ Allocation ┃       Equity ┃  Gross ┃   Net ┃
┡━━━━━━━━━━━━╇━━━━━━━━━━━━━━╇━━━━━━━━╇━━━━━━━┩
│ 10,000     │     9,629.50 │ 14.150 │ 4.946 │
│ 25,000     │    24,221.28 │ 10.580 │ 5.682 │
│ 50,000     │    48,787.06 │  7.712 │ 4.866 │
│ 100,000    │    98,298.12 │  5.218 │ 3.805 │
│ 250,000    │   247,785.54 │  2.653 │ 2.093 │
│ 500,000    │   497,785.54 │  1.321 │ 1.042 │
│ 1,000,000  │   997,785.54 │  0.659 │ 0.520 │
│ 2,500,000  │ 2,497,785.54 │  0.263 │ 0.208 │
│ 5,000,000  │ 4,997,785.54 │  0.132 │ 0.104 │
│ 10,000,000 │ 9,997,785.54 │  0.066 │ 0.052 │
│ ...        │          ... │    ... │   ... │
└────────────┴──────────────┴────────┴───────┘
==== END id6 2026-03-30 05:48:42 UTC ====
==== Log written to /root/deployments/logs/id6_2026-03-30_05-48-18.log ====
