==== START id7 2026-03-29 10:00:23 UTC ====
==== Build targets for id7 ====
Wrote targets to /root/shadow-trading-framework/data/targets/targets.json
==== Run STF for id7 ====
     Simulation complete: id7 (rebalance)     
┏━━━━━━━━━━━━┳━━━━━━━━━━━━━━┳━━━━━━━┳━━━━━━━━┓
┃ Allocation ┃       Equity ┃ Gross ┃    Net ┃
┡━━━━━━━━━━━━╇━━━━━━━━━━━━━━╇━━━━━━━╇━━━━━━━━┩
│ 10,000     │     9,985.33 │ 1.001 │ -1.001 │
│ 25,000     │    24,944.69 │ 1.002 │ -1.002 │
│ 50,000     │    49,924.38 │ 0.618 │ -0.618 │
│ 100,000    │    99,924.38 │ 0.309 │ -0.309 │
│ 250,000    │   249,924.38 │ 0.124 │ -0.124 │
│ 500,000    │   499,924.38 │ 0.062 │ -0.062 │
│ 1,000,000  │   999,924.38 │ 0.031 │ -0.031 │
│ 2,500,000  │ 2,499,924.38 │ 0.012 │ -0.012 │
│ 5,000,000  │ 4,999,924.38 │ 0.006 │ -0.006 │
│ 10,000,000 │ 9,999,924.38 │ 0.003 │ -0.003 │
│ ...        │          ... │   ... │    ... │
└────────────┴──────────────┴───────┴────────┘
==== END id7 2026-03-29 10:00:33 UTC ====
==== Log written to /root/deployments/logs/id7_2026-03-29_10-00-23.log ====
